// Jest Snapshot v1, https://goo.gl/fbAQLP

exports[`categoryData snapshot test 1`] = `<categoryData />`;
