// Jest Snapshot v1, https://goo.gl/fbAQLP

exports[`Footer snapshot test 1`] = `
<div
  className="footer-container"
>
  <h3 />
</div>
`;
