// Jest Snapshot v1, https://goo.gl/fbAQLP

exports[`Header snapshot test 1`] = `
<div
  className="header-container"
>
  <header
    className="header"
  >
    <h6 />
  </header>
</div>
`;
