// Jest Snapshot v1, https://goo.gl/fbAQLP

exports[`MediaCategory snapshot test 1`] = `
<div
  className="category-container"
>
  <label>
    <ul
      className="media-list"
    />
  </label>
</div>
`;
